G01029006,AZMIN,AHMAD AUFA B.,C,,AB,,ahmadaufaazmin@my.smccd.edu,ahmadaufaazmin,,
G00907935,Cabe,Christian M.,C,,AB,,ccabe@my.smccd.edu,ccabe,,
G01025128,Cao,Yue,C,,AB,,yuecao@my.smccd.edu,yuecao,,
G00999587,Chen,Feifan,C,,AB,,fchen25@my.smccd.edu,fchen25,,
G00933316,Chu,Christopher R.,C,,AB,,chrischu@my.smccd.edu,chrischu,,
G01016745,Chuatico,Monali Mirel M.,C,,AB,,monalimirechuatico@my.smccd.edu,monalimirechuatico,,
G01014154,Deng,Yuwen,C,,AB,,yuwendeng@my.smccd.edu,yuwendeng,,
G00936670,Dubey,Rahatdeep,C,,AB,,rahatdubey@my.smccd.edu,rahatdubey,,
G01014504,Fong,Terrence,C,,AB,,terrencefong@my.smccd.edu,terrencefong,,
G01027916,Fung,Sze Yuen,C,,AB,,szeyuenfung@my.smccd.edu,szeyuenfung,,
G01009529,Fung,Yee Kit,C,,AB,,yfung10@my.smccd.edu,yfung10,,
G01027951,Gao,Ziqi,C,,AB,,ziqigao@my.smccd.edu,ziqigao,,
G01014271,Guerrero,Laura A.,C,,AB,,lauraguerrero@my.smccd.edu,lauraguerrero,,
G00990362,Hilby,Kristan M.,C,,AB,,khilby@my.smccd.edu,khilby,,
G01000592,Ho,En-hao,C,,AB,,eho44@my.smccd.edu,eho44,,
G01029199,Hu,Jingxi,C,,AB,,jingxihu@my.smccd.edu,jingxihu,,
G00939932,Jin,Ryan K.,C,,AB,,ryanjin@my.smccd.edu,ryanjin,,
G01009496,Khoury,Joseph B.,C,,AB,,jkhour11@my.smccd.edu,jkhour11,,
G01008992,Kim,Youngmin,C,,AB,,ykim91@my.smccd.edu,ykim91,,
G01007270,Liu,Lulu,C,,AB,,lliu52@my.smccd.edu,lliu52,,
G00915224,Martinez,Alexandra,C,,AB,,alexamartine@my.smccd.edu,alexamartine,,
G01018648,Nguyen,Vivian,C,,AB,,viviannguy1@my.smccd.edu,viviannguy1,,
G00924172,Paap,Alexander K.,C,,AB,,alexapaap@my.smccd.edu,alexapaap,,
G01029214,Pan,Jiaxin,C,,AB,,jiaxinpan@my.smccd.edu,jiaxinpan,,
G01000824,Piccolotti,Javier R.,C,,AB,,jpiccol4@my.smccd.edu,jpiccol4,,
G01003207,Sun,Xiaoqian,C,,AB,,xsun6@my.smccd.edu,xsun6,,
G00990479,Wan,Yongjie,C,,AB,,ywan6@my.smccd.edu,ywan6,,
G01016996,Wang,Xinbo,C,,AB,,xinbowang@my.smccd.edu,xinbowang,,
G01018516,Wong,Nicole T.,C,,AB,,nicolewong@my.smccd.edu,nicolewong,,
G01002383,Wong,Sio Pang,C,,AB,,swong375@my.smccd.edu,swong375,,
G01009504,Yan,Weiwen,C,,AB,,wyan12@my.smccd.edu,wyan12,,
G01018912,Zhang,Zixin,C,,AB,,zixinzhang@my.smccd.edu,zixinzhang,,
G01010365,Zhao,Weibo,C,,AB,,wzhao12@my.smccd.edu,wzhao12,,
G00985774,Chan,Coco,C,,AB,,cchan221@my.smccd.edu,cchan221,,
G00918700,Gonzalez,Daniel,C,,AB,,daniegonzale@my.smccd.edu,daniegonzale,,
G00991774,Ildefonso,Alejandro S.,C,,AB,,aildefon@my.smccd.edu,aildefon,,
G00760621,Kung,Arthur J.,C,,AB,,akung4@my.smccd.edu,akung4,,
G00988890,Leung,Joshua,C,,AB,,jleung70@my.smccd.edu,jleung70,,
G01013447,Liang,Kevin C.,C,,AB,,kevinliang@my.smccd.edu,kevinliang,,
G01015822,Lin,Sandra A.,A,01-JUN-2015,AB,,sandralin@my.smccd.edu,sandralin,,
G00923341,Mendoza,Karen Claire G.,C,,AB,,karenme1@my.smccd.edu,karenme1,,
G00930126,Pules,Vasilika S.,C,,AB,,vasilpules@my.smccd.edu,vasilpules,,
G01028459,Xia,Ming H.,A,30-JUL-2015,AB,,mingxia@my.smccd.edu,mingxia,,
