G01028666,ABDUL HALIM,NUR ELISA B.,C,,AD,,nurelisaabdulhalim@my.smccd.edu,nurelisaabdulhalim,,
G01034559,Aeri,Nisha,C,,AD,,nishaaeri@my.smccd.edu,nishaaeri,,
G01014444,Barron,Julia K.,C,,AD,,juliabarron@my.smccd.edu,juliabarron,,
G00877328,Chang,Hao T.,C,,AD,,hchang46@my.smccd.edu,hchang46,,
G00864973,Dela Cruz,Vince Andrew L.,C,,AD,,vdelacr3@my.smccd.edu,vdelacr3,,
G00946184,Dinglasan,Patricia A.,C,,AD,,patridinglas@my.smccd.edu,patridinglas,,
G00993416,Dizon,Brian P.,C,,AD,,bdizon@my.smccd.edu,bdizon,,
G00985306,Jiang,Minmin,C,,AD,,mjiang7@my.smccd.edu,mjiang7,,
G01037096,Joshi,Neel A.,C,,AD,,neeljoshi@my.smccd.edu,neeljoshi,,
G01013096,KC,Praoraya,C,,AD,,praorayakc@my.smccd.edu,praorayakc,,
G01037060,Lei,Deming,C,,AD,,deminglei@my.smccd.edu,deminglei,,
G01018321,Leung,Lo Shan,C,,AD,,loshanleung@my.smccd.edu,loshanleung,,
G01002607,Li,Menghao,C,,AD,,mli79@my.smccd.edu,mli79,,
G01029635,Liu,Steven B.,C,,AD,,stevenliu@my.smccd.edu,stevenliu,,
G01015831,Luquin-Barba,Mayra I.,C,,AD,,mayraluquinbarb@my.smccd.edu,mayraluquinbarb,,
G00874238,Menjivar,Vianca J.,C,,AD,,vmenjiv2@my.smccd.edu,vmenjiv2,,
G00872677,Ng,Nathan,C,,AD,,nng19@my.smccd.edu,nng19,,
G01008200,Nguyen,Tra Giang T.,C,,AD,,tnguy340@my.smccd.edu,tnguy340,,
G01007931,Oupraxay,Vanmala,C,,AD,,voupraxa@my.smccd.edu,voupraxa,,
G01014788,Skevos,William T.,C,,AD,,williamskevos@my.smccd.edu,williamskevos,,
G01044403,Tang,Ziyi,C,,AD,,ziyitang@my.smccd.edu,ziyitang,,
G01040142,Tejada,Alison B.,C,,AD,,alisontejada@my.smccd.edu,alisontejada,,
G00886998,Vallecillo,Russell P.,C,,AD,,rvallec3@my.smccd.edu,rvallec3,,
G00945489,Vasquez-Rangel,Alicia,C,,AD,,alicivasquez@my.smccd.edu,alicivasquez,,
G01001046,Xie,Shuwen,C,,AD,,sxie9@my.smccd.edu,sxie9,,
G01013099,Xu,Jiasheng,C,,AD,,jiashengxu@my.smccd.edu,jiashengxu,,
G01009919,Aerne,Madalyn E.,C,,AD,,maerne@my.smccd.edu,maerne,,
G00869119,Amaya,Esmeralda,C,,AD,,eamaya7@my.smccd.edu,eamaya7,,
G00986896,Arellano,Jesse,C,,AD,,jarell26@my.smccd.edu,jarell26,,
G01034379,Arroliga Miranda,Aileen D.,C,,AD,,aileenarroligami@my.smccd.edu,aileenarroligami,,
G01023479,Chen,Jingwan,C,,AD,,jingwanchen@my.smccd.edu,jingwanchen,,
G00900524,Ching,Shanah  Grace L.,C,,AD,,sching12@my.smccd.edu,sching12,,
G00915457,Dai,Qinyan,C,,AD,,qinyadai@my.smccd.edu,qinyadai,,
G01030429,Gonzalez,Katerine I.,C,,AD,,katerinegonzalez@my.smccd.edu,katerinegonzalez,,
G01020868,King,Victoria J.,A,16-AUG-2015,AD,,victoriaking@my.smccd.edu,victoriaking,,
G01013725,Lovewell,Katriel J.,C,,AD,,katriellovewell@my.smccd.edu,katriellovewell,,
G00959345,Pabla,Ranisha,C,,AD,,rpabla@my.smccd.edu,rpabla,,
G00992584,Sanft,Taylor F.,C,,AD,,tsanft@my.smccd.edu,tsanft,,
G01021767,Simsova,Sarka,A,13-AUG-2015,AD,,sarkasimsova@my.smccd.edu,sarkasimsova,,
G00961925,Tan,William,C,,AD,,wtan12@my.smccd.edu,wtan12,,
G00983002,Vega,Carlos E.,C,,AD,,cvega16@my.smccd.edu,cvega16,,
G00928019,Verdugo Gonzalez,Ricardo,C,,AD,,ricargonzale@my.smccd.edu,ricargonzale,,
