G00992815,Aragon,Antoinette,C,,HYH,,aarago21@my.smccd.edu,aarago21,,
G00999297,De Leon,Eduardo,C,,HYH,,edeleo20@my.smccd.edu,edeleo20,,
G01023656,Dela Rosa,Jelly Ann M.,C,,HYH,,jellyanndelarosa@my.smccd.edu,jellyanndelarosa,,
G01037480,Evsen,Yunus,C,,HYH,,yunusevsen@my.smccd.edu,yunusevsen,,
G01022536,Fuentes,Emme A.,C,,HYH,,emmefuentes@my.smccd.edu,emmefuentes,,
G00962221,Garcia Figueroa,Julie T.,C,,HYH,,jgarciaf@my.smccd.edu,jgarciaf,,
G01014778,Giari,Georgia M.,C,,HYH,,georgiagiari@my.smccd.edu,georgiagiari,,
G00975404,Gonzalez,Mario A.,C,,HYH,,mgonz377@my.smccd.edu,mgonz377,,
G00970319,Husher,Timothy J.,C,,HYH,,thusher@my.smccd.edu,thusher,,
G00996786,Ignacio,Malena J.,C,,HYH,,mignac21@my.smccd.edu,mignac21,,
G01004310,Kumar,Pallavi M.,C,,HYH,,pkumar18@my.smccd.edu,pkumar18,,
G01017804,Lin,Yong Xin,C,,HYH,,yongxinlin@my.smccd.edu,yongxinlin,,
G01037125,Liu,Crystal Y.,C,,HYH,,crystalliu@my.smccd.edu,crystalliu,,
G00883375,Mailangi,Christina T.,C,,HYH,,cmailang@my.smccd.edu,cmailang,,
G00948493,Melchor,Celia A.,C,,HYH,,celiamelchor@my.smccd.edu,celiamelchor,,
G00952551,Mendez,Richard J.,C,,HYH,,rmende33@my.smccd.edu,rmende33,,
G01036800,Ng,Lori,C,,HYH,,loring@my.smccd.edu,loring,,
G00941937,Nobles,Tahra C.,C,,HYH,,tahranobles@my.smccd.edu,tahranobles,,
G01035683,Padilla,Silvana P.,C,,HYH,,silvanapadilla@my.smccd.edu,silvanapadilla,,
G01041161,Pastelero,Jaime Angelo B.,C,,HYH,,jaimeangelpastelero@my.smccd.edu,jaimeangelpastelero,,
G00869399,Puccetti,Elena F.,C,,HYH,,epuccet2@my.smccd.edu,epuccet2,,
G00966070,Quan,Andrew M.,C,,HYH,,aquan8@my.smccd.edu,aquan8,,
G00589653,Roque,Priscilla,C,,HYH,,priscillaroque@my.smccd.edu,priscillaroque,,
G00979166,Russell,Greyson K.,C,,HYH,,grusse16@my.smccd.edu,grusse16,,
G01011578,Satizabal,Laurie M.,C,,HYH,,lauriesatizabal@my.smccd.edu,lauriesatizabal,,
G01026797,Stovall,Martin I.,C,,HYH,,martinstovall@my.smccd.edu,martinstovall,,
G01044247,Sun,Yitao,C,,HYH,,yitaosun@my.smccd.edu,yitaosun,,
G01028104,Twal,Joseph V.,C,,HYH,,josephtwal@my.smccd.edu,josephtwal,,
G00991693,Valencia,Guadalupe,C,,HYH,,gvalen12@my.smccd.edu,gvalen12,,
G01040411,Vazquez,Monica I.,C,,HYH,,monicavazquez@my.smccd.edu,monicavazquez,,
G00411963,Wall,Elizabeth W.,C,,HYH,,elizawa1@my.smccd.edu,elizawa1,,
G00994407,Abarca,Melissa E.,C,,HYH,,mabarca9@my.smccd.edu,mabarca9,,
G00992230,Alviar,Jason,C,,HYH,,jalviar1@my.smccd.edu,jalviar1,,
G00990883,Brady,Sarah A.,C,,HYH,,sbrady11@my.smccd.edu,sbrady11,,
G00760114,Brewster,Jonathan B.,C,,HYH,,jbrewst6@my.smccd.edu,jbrewst6,,
G00929511,Farantos,Dena H.,C,,HYH,,denafaranto@my.smccd.edu,denafaranto,,
G01004424,Filippini,Ivan G.,C,,HYH,,ifilippi@my.smccd.edu,ifilippi,,
G00705619,Flores,Ruby P.,C,,HYH,,rflore90@my.smccd.edu,rflore90,,
G00152673,Foley,Lisa M.,C,,HYH,,lfoley5@my.smccd.edu,lfoley5,,
G01028689,Gallinat,Lesley A.,C,,HYH,,lesleygallinat@my.smccd.edu,lesleygallinat,,
G01032585,Garcia,Carolina S.,C,,HYH,,carolinagarcia@my.smccd.edu,carolinagarcia,,
G01016548,Gonzalez,Nectalis,C,,HYH,,nectalisgonzalez@my.smccd.edu,nectalisgonzalez,,
G00971569,Greer,Asia N.,C,,HYH,,agreer7@my.smccd.edu,agreer7,,
G01012373,Hakobyan,Yan,C,,HYH,,yanekhakobyan@my.smccd.edu,yanekhakobyan,,
G00967719,King,Breanna N.,C,,HYH,,bking29@my.smccd.edu,bking29,,
G00960945,Lakhan,Maashud B.,C,,HYH,,mlakhan@my.smccd.edu,mlakhan,,
G01030702,Lambert,Donald E.,C,,HYH,,donaldlambert@my.smccd.edu,donaldlambert,,
G01042385,Moran,Alejandro,C,,HYH,,alejandromoran@my.smccd.edu,alejandromoran,,
G01003266,Ong,Kathryn C.,C,,HYH,,kong13@my.smccd.edu,kong13,,
G01010514,Padilla,Carlos E.,C,,HYH,,cpadil27@my.smccd.edu,cpadil27,,
G00593663,Petrini,Alexandra E.,C,,HYH,,alexapetrini@my.smccd.edu,alexapetrini,,
G01029925,Ramos,Nelson R.,C,,HYH,,nelsonramos@my.smccd.edu,nelsonramos,,
G00966347,Robles-Lopez,Bleivis I.,C,,HYH,,broblesl@my.smccd.edu,broblesl,,
G01018787,Rocha,Jose,C,,HYH,,joserocha@my.smccd.edu,joserocha,,
G00999022,San Pedro,Cleo Vernadette P.,C,,HYH,,csanpedr@my.smccd.edu,csanpedr,,
G01001578,Sandoval,Nubia,C,,HYH,,nsando11@my.smccd.edu,nsando11,,
G00937553,Santos,Ruby,C,,HYH,,rubysantos@my.smccd.edu,rubysantos,,
G00743835,Scala,Michelle M.,C,,HYH,,mscala@my.smccd.edu,mscala,,
G01034350,Thapa,Drona,C,,HYH,,dronathapa@my.smccd.edu,dronathapa,,
G01010312,Ucan,Dogukan,C,,HYH,,ducan@my.smccd.edu,ducan,,
G00989010,Williams,Ricardo J.,C,,HYH,,rwill198@my.smccd.edu,rwill198,,
G01036896,Xie,Tianyu,C,,HYH,,tianyuxie@my.smccd.edu,tianyuxie,,
