G00936311,Abuan,Ray Jonatan D.,C,,OLH,,rayjoabuan@my.smccd.edu,rayjoabuan,,
G01017046,Amos,Charles H.,C,,OLH,,charlesamos@my.smccd.edu,charlesamos,,
G01028788,Bibbs,Cierra J.,C,,OLH,,cierrabibbs@my.smccd.edu,cierrabibbs,,
G01036363,Butler,Matthew C.,C,,OLH,,matthewbutler@my.smccd.edu,matthewbutler,,
G00878938,Cabiling,Antera S.,C,,OLH,,acabilin@my.smccd.edu,acabilin,,
G00949062,Campbell,Erin M.,C,,OLH,,ecampb18@my.smccd.edu,ecampb18,,
G00963717,Eteaki,David V.,C,,OLH,,deteaki@my.smccd.edu,deteaki,,
G00439776,Fan,Eddie W.,C,,OLH,,efan@my.smccd.edu,efan,,
G00859141,Fernandez,Arianna A.,C,,OLH,,aferna62@my.smccd.edu,aferna62,,
G01025965,Garcia-Hernandez,Cesar A.,C,,OLH,,cesargarciahern@my.smccd.edu,cesargarciahern,,
G01044451,Gilson,Sean T.,C,,OLH,,seangilson@my.smccd.edu,seangilson,,
G00450853,Gonzalez,Alejandra,C,,OLH,,agonz147@my.smccd.edu,agonz147,,
G00841845,Haniger,Patrick F.,C,,OLH,,phaniger@my.smccd.edu,phaniger,,
G01019670,Hardiman,Lisa M.,C,,OLH,,lisahardiman@my.smccd.edu,lisahardiman,,
G01030405,Herrera,Mayra O.,C,,OLH,,mayraherrera@my.smccd.edu,mayraherrera,,
G01055048,Kaitz,Chaz E.,C,,OLH,,chazkaitz@my.smccd.edu,chazkaitz,,
G01033572,Kmetz,Roberta V.,C,,OLH,,robertakmetz@my.smccd.edu,robertakmetz,,
G01035484,Kuang,Jessica,C,,OLH,,jessicakuang@my.smccd.edu,jessicakuang,,
G00657379,Kuehnis,Carli M.,C,,OLH,,ckuehnis@my.smccd.edu,ckuehnis,,
G00876787,Ladores,Alexandria L.,C,,OLH,,aladores@my.smccd.edu,aladores,,
G00923250,Lau,Tiffany,C,,OLH,,tiffanylau1@my.smccd.edu,tiffanylau1,,
G01024620,Learned,Logan M.,C,,OLH,,loganlearned@my.smccd.edu,loganlearned,,
G01049599,Leung,Shek Hin,C,,OLH,,shekhinleung@my.smccd.edu,shekhinleung,,
G00974082,Li,Qiping,C,,OLH,,qli22@my.smccd.edu,qli22,,
G01038273,Li,Run Ming W.,C,,OLH,,runmingli@my.smccd.edu,runmingli,,
G00965611,Licea,Ratany,C,,OLH,,rlicea@my.smccd.edu,rlicea,,
G01044382,Liu,Nengning,C,,OLH,,nengningliu@my.smccd.edu,nengningliu,,
G00967394,Loza,Efren,C,,OLH,,eloza2@my.smccd.edu,eloza2,,
G01047498,Luna,Elexis R.,C,,OLH,,elexisluna@my.smccd.edu,elexisluna,,
G00949061,Maldonado,Monique S.,C,,OLH,,mmaldo51@my.smccd.edu,mmaldo51,,
G00951737,Mendez,Ma Lourdes R.,C,,OLH,,mmende44@my.smccd.edu,mmende44,,
G00705587,Mew,Andrew G.,C,,OLH,,amew@my.smccd.edu,amew,,
G01045838,Molina,Anthony A.,C,,OLH,,anthonymolina@my.smccd.edu,anthonymolina,,
G00944197,Molina,Kalend G.,C,,OLH,,kalenmolina@my.smccd.edu,kalenmolina,,
G01022022,Morgenthaler,Lillian M.,C,,OLH,,lillianmorgenthal@my.smccd.edu,lillianmorgenthal,,
G00978719,Novak,Rhiannon R.,C,,OLH,,rnovak4@my.smccd.edu,rnovak4,,
G00945502,Ortiz,Jasmine,C,,OLH,,jasmiortiz@my.smccd.edu,jasmiortiz,,
G01061245,Palafox,Jesus A.,C,,OLH,,jesuspalafox@my.smccd.edu,jesuspalafox,,
G01036877,Pastorin,Jaivy Jane N.,C,,OLH,,jaivyjanepastorin@my.smccd.edu,jaivyjanepastorin,,
G01033053,Patino,Maria A.,C,,OLH,,mariapatin1@my.smccd.edu,mariapatin1,,
G00953174,Quintero,Marisa A.,C,,OLH,,mquint32@my.smccd.edu,mquint32,,
G00903713,Rizzo,Jeffrey M.,C,,OLH,,jrizzo11@my.smccd.edu,jrizzo11,,
G01006654,Rochin,Vanessa,C,,OLH,,vrochin1@my.smccd.edu,vrochin1,,
G00985195,Rodriguez,Madeleine A.,C,,OLH,,mrodr336@my.smccd.edu,mrodr336,,
G00900632,Salazar,Kevin A.,C,,OLH,,ksalaza6@my.smccd.edu,ksalaza6,,
G00763575,Salomon,Jessamyn L.,C,,OLH,,jlaquian@my.smccd.edu,jlaquian,,
G01054997,Sandhu,Armaan S.,C,,OLH,,armaansandhu@my.smccd.edu,armaansandhu,,
G01056452,Sandhu,Sonia K.,C,,OLH,,soniasandhu@my.smccd.edu,soniasandhu,,
G01001578,Sandoval,Nubia,C,,OLH,,nsando11@my.smccd.edu,nsando11,,
G00654355,Savarese,Agnieszka,C,,OLH,,asavares@my.smccd.edu,asavares,,
G01044515,Swati,Sonam a.,C,,OLH,,sonamkumar@my.smccd.edu,sonamkumar,,
G00968302,Tayo,Orpha T.,C,,OLH,,otayo@my.smccd.edu,otayo,,
G00843534,Thomas,Vincent,C,,OLH,,vincentthomas@my.smccd.edu,vincentthomas,,
G00886603,Uddin,Sofia,C,,OLH,,suddin@my.smccd.edu,suddin,,
G01047388,Valera,Jamie Rose B.,C,,OLH,,jamierosevalera@my.smccd.edu,jamierosevalera,,
G01035109,Valle,Lesley,C,,OLH,,lesleyvalle@my.smccd.edu,lesleyvalle,,
G01063482,Zajac,Piotr K.,C,,OLH,,piotrzajac@my.smccd.edu,piotrzajac,,
G01049092,Zhang,Xiaohua,C,,OLH,,xiaohuazhang@my.smccd.edu,xiaohuazhang,,
G01026911,Acosta,Alexis J.,A,03-AUG-2016,OLH,,alexisacosta@my.smccd.edu,alexisacosta,,
G00907604,Almeda,Jovany,A,04-AUG-2016,OLH,,jalmeda1@my.smccd.edu,jalmeda1,,
G00708456,Ammari,Souzan F.,A,11-AUG-2016,OLH,,souzaammari@my.smccd.edu,souzaammari,,
G00813631,Averia,Duane,A,06-AUG-2016,OLH,,daveria@my.smccd.edu,daveria,,
G00706988,Balmes,Dianne J.,C,,OLH,,dbalmes@my.smccd.edu,dbalmes,,
G01036471,Chappell,Brooke D.,A,08-AUG-2016,OLH,,brookechappell@my.smccd.edu,brookechappell,,
G00994482,Chew,Courtney B.,A,10-AUG-2016,OLH,,cchew17@my.smccd.edu,cchew17,,
G01007675,Curincita,Jennifer,A,16-AUG-2016,OLH,,jcurinc1@my.smccd.edu,jcurinc1,,
G00871622,Erice,Kayla E.,A,28-JUL-2016,OLH,,kmattos2@my.smccd.edu,kmattos2,,
G00902352,Gonzales,Kirk C.,A,09-AUG-2016,OLH,,kgonza41@my.smccd.edu,kgonza41,,
G00971569,Greer,Asia N.,A,13-AUG-2016,OLH,,agreer7@my.smccd.edu,agreer7,,
G00161562,Gueco,Maria U.,A,11-AUG-2016,OLH,,mgueco@my.smccd.edu,mgueco,,
G01057601,KC,Grishma,A,16-AUG-2016,OLH,,grishmakc@my.smccd.edu,grishmakc,,
G01020008,Lee,Jenny Y.,A,16-AUG-2016,OLH,,jennylee@my.smccd.edu,jennylee,,
G00809154,Littlejohn,Denise M.,A,11-AUG-2016,OLH,,deniselittlejohn@my.smccd.edu,deniselittlejohn,,
G00456436,Lopez,David,A,12-AUG-2016,OLH,,dlopez70@my.smccd.edu,dlopez70,,
G01013966,Martin,Olivia D.,A,14-AUG-2016,OLH,,oliviamart1@my.smccd.edu,oliviamart1,,
G01036086,Moore,Nicholas S.,A,28-JUL-2016,OLH,,nicholasmoore@my.smccd.edu,nicholasmoore,,
G00920506,Morales,Rakel E.,C,,OLH,,rakelmorales@my.smccd.edu,rakelmorales,,
G00983486,Ochoa,Kelly V.,A,04-AUG-2016,OLH,,kochoa3@my.smccd.edu,kochoa3,,
G01028957,Pedraza,Jose D.,A,02-AUG-2016,OLH,,josepedraza@my.smccd.edu,josepedraza,,
G00568546,Romero,Ana B.,A,09-AUG-2016,OLH,,aromer31@my.smccd.edu,aromer31,,
G00906500,Saunders,Stephanie R.,A,30-JUL-2016,OLH,,ssaund20@my.smccd.edu,ssaund20,,
G00862744,Vargas,Sabrina,A,26-JUL-2016,OLH,,svarga24@my.smccd.edu,svarga24,,
G01068063,You,Jiaxin,A,12-AUG-2016,OLH,,jiaxinyou@my.smccd.edu,jiaxinyou,,
G01017648,Yu,Huai Shun,A,13-AUG-2016,OLH,,huaishunyu@my.smccd.edu,huaishunyu,,
